// Jest Snapshot v1, https://goo.gl/fbAQLP

exports[`should render the dashboard 1`] = `
<div>
  <[object Object] />
  <Connect(Expenses) />
</div>
`;
