// Jest Snapshot v1, https://goo.gl/fbAQLP

exports[`should correctly render header 1`] = `
<div>
  <h1>
    Expense Tracker
  </h1>
  <NavLink
    activeClassName="nav-link-active"
    to="/"
  >
    Home
  </NavLink>
  <NavLink
    activeClassName="nav-link-active"
    to="/add"
  >
    Add
  </NavLink>
</div>
`;
