// Jest Snapshot v1, https://goo.gl/fbAQLP

exports[`should render the 404 page 1`] = `
<div>
  Error: page not found
</div>
`;
